{
  "schema": 2,
  "kind": "overlay.compare",
  "title": "overlay comparison",
  "complete": true,
  "not_evaluated": 0,
  "payload": {
    "repository": "gentoo",
    "scanned": 20,
    "in_both": 15,
    "only_local": 5,
    "redundant": [
      {
        "package": "dev-lang/go",
        "local_version": "1.27.0",
        "remote_version": "1.27.0",
        "status": "up-to-date",
        "reading": "failed",
        "diff": "+24/-0",
        "reason": "differs, and no entry declares why",
        "further_findings": [
          "KEYWORDS differs from ::gentoo — ours drops ~arm64"
        ],
        "cause": "timed out",
        "error": "the divergence review failed: LLM API request failed: claude CLI ran out of time: its 2m0s budget elapsed before it answered"
      },
      {
        "package": "kde-plasma/breeze-gtk",
        "local_version": "6.7.4",
        "remote_version": "6.7.4-r1",
        "status": "outdated",
        "reading": "not comparable",
        "diff": "not compared",
        "reason": "",
        "further_findings": [],
        "cause": "",
        "error": ""
      },
      {
        "package": "net-libs/nodejs",
        "local_version": "26.8.1",
        "remote_version": "26.8.1",
        "status": "up-to-date",
        "reading": "read",
        "diff": "identical",
        "reason": "identical to the ::gentoo copy, line for line",
        "further_findings": [],
        "cause": "",
        "error": ""
      },
      {
        "package": "sys-apps/fwupd",
        "local_version": "2.1.7",
        "remote_version": "2.1.7",
        "status": "up-to-date",
        "reading": "not requested",
        "diff": "+8/-29",
        "reason": "",
        "further_findings": [],
        "cause": "",
        "error": ""
      }
    ],
    "needs_rebase": [
      {
        "package": "kde-plasma/kwin",
        "local_version": "6.7.4",
        "remote_version": "6.7.4-r2",
        "status": "outdated",
        "reading": "read",
        "diff": "+3/-1",
        "reason": "ours: adds files/kwin-wayland-crash.patch on top of a version ::gentoo has moved past",
        "further_findings": [],
        "cause": "",
        "error": ""
      },
      {
        "package": "x11-base/xwayland",
        "local_version": "24.1.6",
        "remote_version": "24.1.8",
        "status": "outdated",
        "reading": "failed",
        "diff": "+11/-4",
        "reason": "",
        "further_findings": [],
        "cause": "could not start",
        "error": "the divergence review failed: LLM API request failed: claude CLI could not start: exec: \"claude\": executable file not found in $PATH"
      }
    ],
    "keep": [
      {
        "package": "media-plugins/gst-plugins-base",
        "local_version": "1.29.2",
        "remote_version": "1.26.11",
        "status": "newer",
        "reading": "not requested",
        "diff": "not compared",
        "reason": "",
        "further_findings": [],
        "cause": "",
        "error": ""
      },
      {
        "package": "media-plugins/gst-plugins-good",
        "local_version": "1.29.2",
        "remote_version": "1.26.11",
        "status": "newer",
        "reading": "not requested",
        "diff": "not compared",
        "reason": "",
        "further_findings": [],
        "cause": "",
        "error": ""
      },
      {
        "package": "media-libs/gst-libav",
        "local_version": "1.29.2",
        "remote_version": "1.26.11",
        "status": "newer",
        "reading": "not requested",
        "diff": "not compared",
        "reason": "",
        "further_findings": [],
        "cause": "",
        "error": ""
      },
      {
        "package": "media-plugins/gst-plugins-ugly",
        "local_version": "1.29.2",
        "remote_version": "1.26.11",
        "status": "newer",
        "reading": "read",
        "diff": "+12/-3",
        "reason": "patched: applies files/gst-ugly-x264.patch, which ::gentoo does not ship",
        "further_findings": [
          "inherit differs from ::gentoo — ours adds gstreamer-meson"
        ],
        "cause": "",
        "error": ""
      },
      {
        "package": "dev-lang/rust",
        "local_version": "1.98.0",
        "remote_version": "1.97.1",
        "status": "newer",
        "reading": "not requested",
        "diff": "not compared",
        "reason": "",
        "further_findings": [],
        "cause": "",
        "error": ""
      },
      {
        "package": "dev-lang/rust-bin",
        "local_version": "1.98.0",
        "remote_version": "1.97.1",
        "status": "newer",
        "reading": "not requested",
        "diff": "not compared",
        "reason": "",
        "further_findings": [],
        "cause": "",
        "error": ""
      },
      {
        "package": "app-admin/ansible",
        "local_version": "14.3.1",
        "remote_version": "14.1.0",
        "status": "newer",
        "reading": "not requested",
        "diff": "not compared",
        "reason": "",
        "further_findings": [],
        "cause": "",
        "error": ""
      }
    ],
    "keep_groups": [
      {
        "label": "gst",
        "local_version": "1.29.2",
        "remote_version": "1.26.11",
        "members": [
          "media-plugins/gst-plugins-base",
          "media-plugins/gst-plugins-good",
          "media-libs/gst-libav"
        ],
        "by_category": [
          {
            "category": "media-plugins",
            "count": 2
          },
          {
            "category": "media-libs",
            "count": 1
          }
        ]
      },
      {
        "label": "rust",
        "local_version": "1.98.0",
        "remote_version": "1.97.1",
        "members": [
          "dev-lang/rust",
          "dev-lang/rust-bin"
        ],
        "by_category": [
          {
            "category": "dev-lang",
            "count": 2
          }
        ]
      }
    ],
    "unknown": [
      {
        "package": "sys-kernel/gentoo-kernel",
        "local_version": "7.2.2",
        "remote_version": "7.1.12",
        "status": "newer",
        "reading": "not requested",
        "diff": "not compared",
        "reason": "",
        "further_findings": [],
        "cause": "",
        "error": ""
      },
      {
        "package": "virtual/dist-kernel",
        "local_version": "7.2.2",
        "remote_version": "7.1.12",
        "status": "newer",
        "reading": "not requested",
        "diff": "not compared",
        "reason": "",
        "further_findings": [],
        "cause": "",
        "error": ""
      }
    ],
    "verdicts": {
      "keep": 7,
      "redundant": 4,
      "needs_rebase": 2,
      "unknown": 7
    },
    "unread": 12,
    "notes": [
      "3 of the 15 packages compared were found to have no ::gentoo counterpart — those are the overlay's own work rather than a divergence from anyone's, and no realignment is proposed for them.",
      "Classification: 9 of the 12 differences examined across 7 packages are version moves, 2 are ours, 1 could not be classified.",
      "Some packages are recommended for removal. Run `bentoo overlay prune` to act on them."
    ],
    "reading_failures": [
      {
        "cause": "timed out",
        "count": 1
      },
      {
        "cause": "could not start",
        "count": 1
      }
    ]
  }
}
